Loading matrix: matrix/stencil3d_27pt_192.mtx
Generating 27pt stencil in memory for N=192, partition [rank 0/1, i=0..191]...
  local nnz = 189119224, allocating 3.0 GB for COO entries...
  Done: global 7077888 rows, local 189119224 nnz (rank 0/1)
Matrix: 7077888 x 7077888, 189119224 nnz, grid_size=192
🔄 Building CSR structure (7077888x7077888, 189119224 nnz)...
✅ CSR structure built successfully
GPU: NVIDIA A100-SXM4-80GB (CC 8.0, 108 SMs)
Building coefficient-major (SoA) values, 27 x 7077888 doubles...
Registered variants: 5
  [0] baseline (production kernel)
  [1] soa (coefficient-major values)
  [2] soa, block 128
  [3] soa, block 512
  [4] soa + __ldcs on values

===== CORRECTNESS [1] soa (coefficient-major values) =====
rows disagree : 0 (rel diff > 1e-12)
max abs diff  : 0.000e+00
max rel diff  : 0.000e+00 (row -1)
CHECKSUM PASSED.

===== CORRECTNESS [2] soa, block 128 =====
rows disagree : 0 (rel diff > 1e-12)
max abs diff  : 0.000e+00
max rel diff  : 0.000e+00 (row -1)
CHECKSUM PASSED.

===== CORRECTNESS [3] soa, block 512 =====
rows disagree : 0 (rel diff > 1e-12)
max abs diff  : 0.000e+00
max rel diff  : 0.000e+00 (row -1)
CHECKSUM PASSED.

===== CORRECTNESS [4] soa + __ldcs on values =====
rows disagree : 0 (rel diff > 1e-12)
max abs diff  : 0.000e+00
max rel diff  : 0.000e+00 (row -1)
CHECKSUM PASSED.

===== TIMING (median of 10, 3 warmups dropped) =====
Reminder: medians/deltas only — DVFS makes absolute times unreliable on this GPU.
[0] baseline (production kernel)         median 1.4444 ms
[1] soa (coefficient-major values)       median 0.9897 ms
[2] soa, block 128                       median 0.9989 ms
[3] soa, block 512                       median 0.9764 ms
[4] soa + __ldcs on values               median 1.0143 ms
