Loading matrix: matrix/stencil3d_27pt_320.mtx
Generating 27pt stencil in memory for N=320, partition [rank 0/1, i=0..319]...
  local nnz = 879217912, allocating 14.1 GB for COO entries...
  Done: global 32768000 rows, local 879217912 nnz (rank 0/1)
Matrix: 32768000 x 32768000, 879217912 nnz, grid_size=320
🔄 Building CSR structure (32768000x32768000, 879217912 nnz)...
✅ CSR structure built successfully
GPU: NVIDIA A100-SXM4-80GB (CC 8.0, 108 SMs)
Building coefficient-major (SoA) values, 27 x 32768000 doubles...
Registered variants: 5
  [0] baseline (production kernel)
  [1] soa (coefficient-major values)
  [2] soa, block 128
  [3] soa, block 512
  [4] soa + __ldcs on values

===== CORRECTNESS [1] soa (coefficient-major values) =====
rows disagree : 0 (rel diff > 1e-12)
max abs diff  : 0.000e+00
max rel diff  : 0.000e+00 (row -1)
CHECKSUM PASSED.

===== CORRECTNESS [2] soa, block 128 =====
rows disagree : 0 (rel diff > 1e-12)
max abs diff  : 0.000e+00
max rel diff  : 0.000e+00 (row -1)
CHECKSUM PASSED.

===== CORRECTNESS [3] soa, block 512 =====
rows disagree : 0 (rel diff > 1e-12)
max abs diff  : 0.000e+00
max rel diff  : 0.000e+00 (row -1)
CHECKSUM PASSED.

===== CORRECTNESS [4] soa + __ldcs on values =====
rows disagree : 0 (rel diff > 1e-12)
max abs diff  : 0.000e+00
max rel diff  : 0.000e+00 (row -1)
CHECKSUM PASSED.

===== TIMING (median of 10, 3 warmups dropped) =====
Reminder: medians/deltas only — DVFS makes absolute times unreliable on this GPU.
[0] baseline (production kernel)         median 6.6437 ms
[1] soa (coefficient-major values)       median 4.5594 ms
[2] soa, block 128                       median 4.5855 ms
[3] soa, block 512                       median 4.5046 ms
[4] soa + __ldcs on values               median 4.6208 ms
