Loading matrix: matrix/stencil3d_27pt_256.mtx
Generating 27pt stencil in memory for N=256, partition [rank 0/1, i=0..255]...
  local nnz = 449455096, allocating 7.2 GB for COO entries...
  Done: global 16777216 rows, local 449455096 nnz (rank 0/1)
Matrix: 16777216 x 16777216, 449455096 nnz, grid_size=256
🔄 Building CSR structure (16777216x16777216, 449455096 nnz)...
✅ CSR structure built successfully
GPU: NVIDIA A100-SXM4-80GB (CC 8.0, 108 SMs)
Building coefficient-major (SoA) values, 27 x 16777216 doubles...
Registered variants: 5
  [0] baseline (production kernel)
  [1] soa (coefficient-major values)
  [2] soa, block 128
  [3] soa, block 512
  [4] soa + __ldcs on values

===== CORRECTNESS [1] soa (coefficient-major values) =====
rows disagree : 0 (rel diff > 1e-12)
max abs diff  : 0.000e+00
max rel diff  : 0.000e+00 (row -1)
CHECKSUM PASSED.

===== CORRECTNESS [2] soa, block 128 =====
rows disagree : 0 (rel diff > 1e-12)
max abs diff  : 0.000e+00
max rel diff  : 0.000e+00 (row -1)
CHECKSUM PASSED.

===== CORRECTNESS [3] soa, block 512 =====
rows disagree : 0 (rel diff > 1e-12)
max abs diff  : 0.000e+00
max rel diff  : 0.000e+00 (row -1)
CHECKSUM PASSED.

===== CORRECTNESS [4] soa + __ldcs on values =====
rows disagree : 0 (rel diff > 1e-12)
max abs diff  : 0.000e+00
max rel diff  : 0.000e+00 (row -1)
CHECKSUM PASSED.

===== TIMING (median of 10, 3 warmups dropped) =====
Reminder: medians/deltas only — DVFS makes absolute times unreliable on this GPU.
[0] baseline (production kernel)         median 3.3341 ms
[1] soa (coefficient-major values)       median 2.3363 ms
[2] soa, block 128                       median 2.3491 ms
[3] soa, block 512                       median 2.3020 ms
[4] soa + __ldcs on values               median 2.3711 ms
