===================================================================
Remote 27pt SpMV validation — NVIDIA A100-SXM4-80GB — 20260612_0819
Sizes: 128 192 256 320 384   Reps: 3
===================================================================
name, driver_version, compute_cap, memory.total [MiB], memory.free [MiB]
NVIDIA A100-SXM4-80GB, 580.126.09, 8.0, 81920 MiB, 81152 MiB
--- clocks (max) ---
clocks.max.sm [MHz], clocks.max.memory [MHz]
1410 MHz, 1593 MHz
--- host ---
               total        used        free      shared  buff/cache   available
Mem:             118           3          98           0          16         114
Build cuda_12.0.r12.0/compiler.32267302_0
Building for ARCH=sm_80
Built bin/bench_27pt_variants
Clock lock: none (verify against the per-run clock traces)
Generated header-only matrix/stencil3d_27pt_128.mtx (rows=2097152 nnz=55742968)
----- N=128 rep 1/3 -----
===== TIMING (median of 10, 3 warmups dropped) =====
Reminder: medians/deltas only — DVFS makes absolute times unreliable on this GPU.
[0] baseline (production kernel)         median 0.4357 ms
[1] soa (coefficient-major values)       median 0.2985 ms
[2] soa, block 128                       median 0.3016 ms
[3] soa, block 512                       median 0.2949 ms
[4] soa + __ldcs on values               median 0.3057 ms
----- N=128 rep 2/3 -----
===== TIMING (median of 10, 3 warmups dropped) =====
Reminder: medians/deltas only — DVFS makes absolute times unreliable on this GPU.
[0] baseline (production kernel)         median 0.4367 ms
[1] soa (coefficient-major values)       median 0.2964 ms
[2] soa, block 128                       median 0.3016 ms
[3] soa, block 512                       median 0.2944 ms
[4] soa + __ldcs on values               median 0.3072 ms
----- N=128 rep 3/3 -----
===== TIMING (median of 10, 3 warmups dropped) =====
Reminder: medians/deltas only — DVFS makes absolute times unreliable on this GPU.
[0] baseline (production kernel)         median 0.4362 ms
[1] soa (coefficient-major values)       median 0.2985 ms
[2] soa, block 128                       median 0.3026 ms
[3] soa, block 512                       median 0.2959 ms
[4] soa + __ldcs on values               median 0.3052 ms
Generated header-only matrix/stencil3d_27pt_192.mtx (rows=7077888 nnz=189119224)
----- N=192 rep 1/3 -----
===== TIMING (median of 10, 3 warmups dropped) =====
Reminder: medians/deltas only — DVFS makes absolute times unreliable on this GPU.
[0] baseline (production kernel)         median 1.4449 ms
[1] soa (coefficient-major values)       median 0.9892 ms
[2] soa, block 128                       median 0.9984 ms
[3] soa, block 512                       median 0.9774 ms
[4] soa + __ldcs on values               median 1.0158 ms
----- N=192 rep 2/3 -----
===== TIMING (median of 10, 3 warmups dropped) =====
Reminder: medians/deltas only — DVFS makes absolute times unreliable on this GPU.
[0] baseline (production kernel)         median 1.4449 ms
[1] soa (coefficient-major values)       median 0.9882 ms
[2] soa, block 128                       median 0.9994 ms
[3] soa, block 512                       median 0.9779 ms
[4] soa + __ldcs on values               median 1.0153 ms
----- N=192 rep 3/3 -----
===== TIMING (median of 10, 3 warmups dropped) =====
Reminder: medians/deltas only — DVFS makes absolute times unreliable on this GPU.
[0] baseline (production kernel)         median 1.4444 ms
[1] soa (coefficient-major values)       median 0.9897 ms
[2] soa, block 128                       median 0.9989 ms
[3] soa, block 512                       median 0.9764 ms
[4] soa + __ldcs on values               median 1.0143 ms
Generated header-only matrix/stencil3d_27pt_256.mtx (rows=16777216 nnz=449455096)
----- N=256 rep 1/3 -----
===== TIMING (median of 10, 3 warmups dropped) =====
Reminder: medians/deltas only — DVFS makes absolute times unreliable on this GPU.
[0] baseline (production kernel)         median 3.3715 ms
[1] soa (coefficient-major values)       median 2.3547 ms
[2] soa, block 128                       median 2.3491 ms
[3] soa, block 512                       median 2.3030 ms
[4] soa + __ldcs on values               median 2.3721 ms
----- N=256 rep 2/3 -----
===== TIMING (median of 10, 3 warmups dropped) =====
Reminder: medians/deltas only — DVFS makes absolute times unreliable on this GPU.
[0] baseline (production kernel)         median 3.3341 ms
[1] soa (coefficient-major values)       median 2.3363 ms
[2] soa, block 128                       median 2.3491 ms
[3] soa, block 512                       median 2.3020 ms
[4] soa + __ldcs on values               median 2.3711 ms
----- N=256 rep 3/3 -----
===== TIMING (median of 10, 3 warmups dropped) =====
Reminder: medians/deltas only — DVFS makes absolute times unreliable on this GPU.
[0] baseline (production kernel)         median 3.3623 ms
[1] soa (coefficient-major values)       median 2.3511 ms
[2] soa, block 128                       median 2.3629 ms
[3] soa, block 512                       median 2.3168 ms
[4] soa + __ldcs on values               median 2.3946 ms
Generated header-only matrix/stencil3d_27pt_320.mtx (rows=32768000 nnz=879217912)
----- N=320 rep 1/3 -----
===== TIMING (median of 10, 3 warmups dropped) =====
Reminder: medians/deltas only — DVFS makes absolute times unreliable on this GPU.
[0] baseline (production kernel)         median 6.6442 ms
[1] soa (coefficient-major values)       median 4.5635 ms
[2] soa, block 128                       median 4.5839 ms
[3] soa, block 512                       median 4.5061 ms
[4] soa + __ldcs on values               median 4.6213 ms
----- N=320 rep 2/3 -----
===== TIMING (median of 10, 3 warmups dropped) =====
Reminder: medians/deltas only — DVFS makes absolute times unreliable on this GPU.
[0] baseline (production kernel)         median 6.6417 ms
[1] soa (coefficient-major values)       median 4.5619 ms
[2] soa, block 128                       median 4.5850 ms
[3] soa, block 512                       median 4.5046 ms
[4] soa + __ldcs on values               median 4.6208 ms
----- N=320 rep 3/3 -----
===== TIMING (median of 10, 3 warmups dropped) =====
Reminder: medians/deltas only — DVFS makes absolute times unreliable on this GPU.
[0] baseline (production kernel)         median 6.6437 ms
[1] soa (coefficient-major values)       median 4.5594 ms
[2] soa, block 128                       median 4.5855 ms
[3] soa, block 512                       median 4.5046 ms
[4] soa + __ldcs on values               median 4.6208 ms
Generated header-only matrix/stencil3d_27pt_384.mtx (rows=56623104 nnz=1520875000)
----- N=384 rep 1/3 -----
===== TIMING (median of 10, 3 warmups dropped) =====
Reminder: medians/deltas only — DVFS makes absolute times unreliable on this GPU.
[0] baseline (production kernel)         median 12.0458 ms
[1] soa (coefficient-major values)       median 8.0225 ms
[2] soa, block 128                       median 7.9790 ms
[3] soa, block 512                       median 7.8715 ms
[4] soa + __ldcs on values               median 7.9882 ms
----- N=384 rep 2/3 -----
===== TIMING (median of 10, 3 warmups dropped) =====
Reminder: medians/deltas only — DVFS makes absolute times unreliable on this GPU.
[0] baseline (production kernel)         median 12.0632 ms
[1] soa (coefficient-major values)       median 7.9416 ms
[2] soa, block 128                       median 7.9739 ms
[3] soa, block 512                       median 7.8740 ms
[4] soa + __ldcs on values               median 7.9913 ms
----- N=384 rep 3/3 -----
===== TIMING (median of 10, 3 warmups dropped) =====
Reminder: medians/deltas only — DVFS makes absolute times unreliable on this GPU.
[0] baseline (production kernel)         median 11.8753 ms
[1] soa (coefficient-major values)       median 7.9703 ms
[2] soa, block 128                       median 7.9754 ms
[3] soa, block 512                       median 7.8710 ms
[4] soa + __ldcs on values               median 7.9939 ms
Generated header-only matrix/stencil3d_27pt_64.mtx (rows=262144 nnz=6859000)
Probing ncu counter permissions on 64^3...
NCU: present but counters blocked (expected on rented instances)
# Remote validation summary — NVIDIA A100-SXM4-80GB

Clock lock: none  |  NCU: present but counters blocked (expected on rented instances)
Median of per-rep medians (ms); ratio = variant / baseline.

| N | baseline | soa | soa_b128 | soa_b512 | soa_ldcs | soa/baseline |
|---|---|---|---|---|---|---|
| 128³ | 0.436 | 0.298 | 0.302 | 0.295 | 0.306 | **0.684** |
| 192³ | 1.445 | 0.989 | 0.999 | 0.977 | 1.015 | **0.685** |
| 256³ | 3.362 | 2.351 | 2.349 | 2.303 | 2.372 | **0.699** |
| 320³ | 6.644 | 4.562 | 4.585 | 4.505 | 4.621 | **0.687** |
| 384³ | 12.046 | 7.970 | 7.975 | 7.872 | 7.991 | **0.662** |

Per-rep spread is in medians.csv; clock traces per run alongside.

